// Jest Snapshot v1, https://goo.gl/fbAQLP

exports[`renders correctly 1`] = `
<RCTScrollView
  contentContainerStyle={
    Object {
      "flexDirection": "row",
      "flexWrap": "wrap",
      "justifyContent": "space-around",
    }
  }
  dataSource={
    ListViewDataSource {
      "items": 2,
    }
  }
  renderRow={[Function]}
  renderScrollComponent={[Function]}
>
  <View>
    <View
      style={
        Object {
          "borderColor": "#808080",
          "borderRadius": 3,
          "borderWidth": 0.4,
          "marginTop": 7,
        }
      }
    >
      <View
        accessibilityComponentType={undefined}
        accessibilityLabel={undefined}
        accessibilityTraits={undefined}
        accessible={true}
        collapsable={undefined}
        hitSlop={undefined}
        isTVSelectable={true}
        nativeID={undefined}
        onLayout={undefined}
        onResponderGrant={[Function]}
        onResponderMove={[Function]}
        onResponderRelease={[Function]}
        onResponderTerminate={[Function]}
        onResponderTerminationRequest={[Function]}
        onStartShouldSetResponder={[Function]}
        style={
          Object {
            "height": 135,
            "opacity": 1,
            "width": 170,
          }
        }
        testID={undefined}
        tvParallaxProperties={undefined}
      >
        <View
          style={
            Object {
              "flexDirection": "row",
              "margin": 6,
            }
          }
        >
          <View
            activeOpacity={undefined}
            onLongPress={undefined}
            onPress={undefined}
            style={
              Array [
                Object {
                  "backgroundColor": "transparent",
                  "height": 34,
                  "paddingBottom": 10,
                  "paddingRight": 10,
                  "paddingTop": 10,
                  "width": 34,
                },
                Object {
                  "borderRadius": 17,
                },
                Object {
                  "alignItems": "center",
                  "flex": 2,
                },
              ]
            }
          >
            <View
              style={
                Array [
                  Object {
                    "alignItems": "center",
                    "alignSelf": "stretch",
                    "backgroundColor": "rgba(0,0,0,0.2)",
                    "bottom": 0,
                    "flex": 1,
                    "justifyContent": "center",
                    "left": 0,
                    "position": "absolute",
                    "right": 0,
                    "top": 0,
                  },
                  Object {
                    "borderRadius": 17,
                  },
                  Object {
                    "backgroundColor": undefined,
                  },
                ]
              }
            >
              <Image
                source={1}
                style={
                  Array [
                    Object {
                      "height": 34,
                      "width": 34,
                    },
                    Object {
                      "borderRadius": 17,
                    },
                    undefined,
                  ]
                }
              />
            </View>
          </View>
          <View
            style={
              Object {
                "alignItems": "flex-start",
                "flex": 6,
                "marginLeft": 5,
              }
            }
          >
            <Text
              accessible={true}
              allowFontScaling={true}
              disabled={false}
              ellipsizeMode="tail"
              style={
                Object {
                  "fontFamily": "montserrat",
                }
              }
            >
              Station 
              1144
            </Text>
            <Text
              accessible={true}
              allowFontScaling={true}
              disabled={false}
              ellipsizeMode="tail"
              style={
                Object {
                  "color": "#808080",
                  "fontFamily": "montserrat",
                  "fontSize": 12,
                }
              }
            >
              Hoher Markt
            </Text>
          </View>
        </View>
        <View
          style={
            Object {
              "alignItems": "center",
              "margin": 5,
            }
          }
        >
          <Text
            accessible={true}
            allowFontScaling={true}
            disabled={false}
            ellipsizeMode="tail"
            style={
              Array [
                Object {
                  "fontFamily": "montserrat",
                },
                false,
              ]
            }
          >
            16
             bikes
          </Text>
          <Text
            accessible={true}
            allowFontScaling={true}
            disabled={false}
            ellipsizeMode="tail"
            style={
              Object {
                "fontFamily": "montserrat",
              }
            }
          >
            26
             slots
          </Text>
        </View>
      </View>
    </View>
    <View
      style={
        Object {
          "borderColor": "#808080",
          "borderRadius": 3,
          "borderWidth": 0.4,
          "marginTop": 7,
        }
      }
    >
      <View
        accessibilityComponentType={undefined}
        accessibilityLabel={undefined}
        accessibilityTraits={undefined}
        accessible={true}
        collapsable={undefined}
        hitSlop={undefined}
        isTVSelectable={true}
        nativeID={undefined}
        onLayout={undefined}
        onResponderGrant={[Function]}
        onResponderMove={[Function]}
        onResponderRelease={[Function]}
        onResponderTerminate={[Function]}
        onResponderTerminationRequest={[Function]}
        onStartShouldSetResponder={[Function]}
        style={
          Object {
            "height": 135,
            "opacity": 1,
            "width": 170,
          }
        }
        testID={undefined}
        tvParallaxProperties={undefined}
      >
        <View
          style={
            Object {
              "flexDirection": "row",
              "margin": 6,
            }
          }
        >
          <View
            activeOpacity={undefined}
            onLongPress={undefined}
            onPress={undefined}
            style={
              Array [
                Object {
                  "backgroundColor": "transparent",
                  "height": 34,
                  "paddingBottom": 10,
                  "paddingRight": 10,
                  "paddingTop": 10,
                  "width": 34,
                },
                Object {
                  "borderRadius": 17,
                },
                Object {
                  "alignItems": "center",
                  "flex": 2,
                },
              ]
            }
          >
            <View
              style={
                Array [
                  Object {
                    "alignItems": "center",
                    "alignSelf": "stretch",
                    "backgroundColor": "rgba(0,0,0,0.2)",
                    "bottom": 0,
                    "flex": 1,
                    "justifyContent": "center",
                    "left": 0,
                    "position": "absolute",
                    "right": 0,
                    "top": 0,
                  },
                  Object {
                    "borderRadius": 17,
                  },
                  Object {
                    "backgroundColor": undefined,
                  },
                ]
              }
            >
              <Image
                source={1}
                style={
                  Array [
                    Object {
                      "height": 34,
                      "width": 34,
                    },
                    Object {
                      "borderRadius": 17,
                    },
                    undefined,
                  ]
                }
              />
            </View>
          </View>
          <View
            style={
              Object {
                "alignItems": "flex-start",
                "flex": 6,
                "marginLeft": 5,
              }
            }
          >
            <Text
              accessible={true}
              allowFontScaling={true}
              disabled={false}
              ellipsizeMode="tail"
              style={
                Object {
                  "fontFamily": "montserrat",
                }
              }
            >
              Station 
              1096
            </Text>
            <Text
              accessible={true}
              allowFontScaling={true}
              disabled={false}
              ellipsizeMode="tail"
              style={
                Object {
                  "color": "#808080",
                  "fontFamily": "montserrat",
                  "fontSize": 12,
                }
              }
            >
              Turnergasse
            </Text>
          </View>
        </View>
        <View
          style={
            Object {
              "alignItems": "center",
              "margin": 5,
            }
          }
        >
          <Text
            accessible={true}
            allowFontScaling={true}
            disabled={false}
            ellipsizeMode="tail"
            style={
              Array [
                Object {
                  "fontFamily": "montserrat",
                },
                false,
              ]
            }
          >
            2
             bikes
          </Text>
          <Text
            accessible={true}
            allowFontScaling={true}
            disabled={false}
            ellipsizeMode="tail"
            style={
              Object {
                "fontFamily": "montserrat",
              }
            }
          >
            22
             slots
          </Text>
        </View>
      </View>
    </View>
  </View>
</RCTScrollView>
`;
